Script started on Tue Feb 11 11:44:38 2020
[?1034hbash-3.2$ git status 
On branch test
Changes not staged for commit:
  (use "git add <file>..." to update what will be committed)
  (use "git checkout -- <file>..." to discard changes in working directory)

	[31mmodified:   cache:clear[m
	[31mmodified:   src/Controller/Admin/AdminConfirmController.php[m
	[31mmodified:   src/Controller/Company/ApplyController.php[m
	[31mmodified:   src/Repository/ApplyRepository.php[m
	[31mmodified:   templates/base-student.html.twig[m
	[31mmodified:   templates/offers/index.html.twig[m
	[31mmodified:   templates/offers/show.html.twig[m
	[31mmodified:   templates/offers/show_preview.html.twig[m

no changes added to commit (use "git add" and/or "git commit -a")
bash-3.2$ git add .
bash-3.2$ git commit -am ''h'i'r'e' 'o'k'[1P'[1P'a'l's'm'o't' 'o'k'
[test bf2a45a] hire alsmot ok
 8 files changed, 111 insertions(+), 150 deletions(-)
 rewrite cache:clear (92%)
bash-3.2$ git branch 
[?1h=  master[m[m
* [32mtest[m[m
  test-2[m[m
[K[?1l>bash-3.2$ git push origin test
Enumerating objects: 33, done.
Counting objects:   3% (1/33)   Counting objects:   6% (2/33)   Counting objects:   9% (3/33)   Counting objects:  12% (4/33)   Counting objects:  15% (5/33)   Counting objects:  18% (6/33)   Counting objects:  21% (7/33)   Counting objects:  24% (8/33)   Counting objects:  27% (9/33)   Counting objects:  30% (10/33)   Counting objects:  33% (11/33)   Counting objects:  36% (12/33)   Counting objects:  39% (13/33)   Counting objects:  42% (14/33)   Counting objects:  45% (15/33)   Counting objects:  48% (16/33)   Counting objects:  51% (17/33)   Counting objects:  54% (18/33)   Counting objects:  57% (19/33)   Counting objects:  60% (20/33)   Counting objects:  63% (21/33)   Counting objects:  66% (22/33)   Counting objects:  69% (23/33)   Counting objects:  72% (24/33)   Counting objects:  75% (25/33)   Counting objects:  78% (26/33)   Counting objects:  81% (27/33)   Counting objects:  84% (28/33)   Counting objects:  87% (29/33)   Counting objects:  90% (30/33)   Counting objects:  93% (31/33)   Counting objects:  96% (32/33)   Counting objects: 100% (33/33)   Counting objects: 100% (33/33), done.
Delta compression using up to 8 threads
Compressing objects:   5% (1/17)   Compressing objects:  11% (2/17)   Compressing objects:  17% (3/17)   Compressing objects:  23% (4/17)   Compressing objects:  29% (5/17)   Compressing objects:  35% (6/17)   Compressing objects:  41% (7/17)   Compressing objects:  47% (8/17)   Compressing objects:  52% (9/17)   Compressing objects:  58% (10/17)   Compressing objects:  64% (11/17)   Compressing objects:  70% (12/17)   Compressing objects:  76% (13/17)   Compressing objects:  82% (14/17)   Compressing objects:  88% (15/17)   Compressing objects:  94% (16/17)   Compressing objects: 100% (17/17)   Compressing objects: 100% (17/17), done.
Writing objects:   5% (1/17)   Writing objects:  11% (2/17)   Writing objects:  17% (3/17)   Writing objects:  23% (4/17)   Writing objects:  29% (5/17)   Writing objects:  35% (6/17)   Writing objects:  41% (7/17)   Writing objects:  47% (8/17)   Writing objects:  52% (9/17)   Writing objects:  58% (10/17)   Writing objects:  64% (11/17)   Writing objects:  70% (12/17)   Writing objects:  76% (13/17)   Writing objects:  82% (14/17)   Writing objects:  88% (15/17)   Writing objects:  94% (16/17)   Writing objects: 100% (17/17)   Writing objects: 100% (17/17), 2.31 KiB | 2.31 MiB/s, done.
Total 17 (delta 15), reused 0 (delta 0)
remote: Resolving deltas:   0% (0/15)[Kremote: Resolving deltas:   6% (1/15)[Kremote: Resolving deltas:  13% (2/15)[Kremote: Resolving deltas:  20% (3/15)[Kremote: Resolving deltas:  26% (4/15)[Kremote: Resolving deltas:  33% (5/15)[Kremote: Resolving deltas:  40% (6/15)[Kremote: Resolving deltas:  46% (7/15)[Kremote: Resolving deltas:  53% (8/15)[Kremote: Resolving deltas:  60% (9/15)[Kremote: Resolving deltas:  66% (10/15)[Kremote: Resolving deltas:  73% (11/15)[Kremote: Resolving deltas:  80% (12/15)[Kremote: Resolving deltas:  86% (13/15)[Kremote: Resolving deltas:  93% (14/15)[Kremote: Resolving deltas: 100% (15/15)[Kremote: Resolving deltas: 100% (15/15), completed with 15 local objects.[K
To https://github.com/skergoat/Sweeetch.git
   5216325..bf2a45a  test -> test
bash-3.2$ bin/console doctrine:fixtures:load
y

 [32mCareful, database "sweeetch" will be purged. Do you want to continue? (yes/no)[39m [[33mno[39m]:
 > 
   [33m>[39m [32mpurging database[39m
   [33m>[39m [32mloading App\DataFixtures\AppFixtures[39m
   [33m>[39m [32mloading App\DataFixtures\CompanyFixtures[39m
   [33m>[39m [32mloading App\DataFixtures\StudentFixtures[39m
   [33m>[39m [32mloading App\DataFixtures\UserFixture[39m
bash-3.2$ bin/console doctrine:fixtures:load
y
 [32mCareful, database "sweeetch" will be purged. Do you want to continue? (yes/no)[39m [[33mno[39m]:
 > 

   [33m>[39m [32mpurging database[39m
   [33m>[39m [32mloading App\DataFixtures\AppFixtures[39m
   [33m>[39m [32mloading App\DataFixtures\CompanyFixtures[39m
   [33m>[39m [32mloading App\DataFixtures\StudentFixtures[39m
   [33m>[39m [32mloading App\DataFixtures\UserFixture[39m
bash-3.2$ bin/console doctrine:fixtures:load
y

 [32mCareful, database "sweeetch" will be purged. Do you want to continue? (yes/no)[39m [[33mno[39m]:
 > 
   [33m>[39m [32mpurging database[39m
   [33m>[39m [32mloading App\DataFixtures\AppFixtures[39m
   [33m>[39m [32mloading App\DataFixtures\CompanyFixtures[39m
   [33m>[39m [32mloading App\DataFixtures\StudentFixtures[39m
   [33m>[39m [32mloading App\DataFixtures\UserFixture[39m
bash-3.2$ git status 
On branch test
Changes not staged for commit:
  (use "git add <file>..." to update what will be committed)
  (use "git checkout -- <file>..." to discard changes in working directory)

	[31mmodified:   cache:clear[m
	[31mmodified:   src/Controller/Company/ApplyController.php[m
	[31mmodified:   src/Controller/Company/OffersController.php[m
	[31mmodified:   src/Controller/Student/StudentController.php[m
	[31mmodified:   src/DataFixtures/StudentFixtures.php[m
	[31mmodified:   templates/apply/index_student.html.twig[m
	[31mmodified:   templates/base-student.html.twig[m
	[31mmodified:   templates/offers/show.html.twig[m

Untracked files:
  (use "git add <file>..." to include in what will be committed)

	[31mtemplates/offers/show_hired.html.twig[m

no changes added to commit (use "git add" and/or "git commit -a")
bash-3.2$ f[Kgit add .
bash-3.2$ git commit -am ''h'i'r'e' 's'y's't'e'm' 'a'l'm'o's't' 'c'o'm'p'l'e't'e'
[test 675e9bd] hire system almost complete
 9 files changed, 194 insertions(+), 12 deletions(-)
 create mode 100644 templates/offers/show_hired.html.twig
bash-3.2$ git status 
On branch test
nothing to commit, working tree clean
bash-3.2$ git psuh origin test
git: 'psuh' is not a git command. See 'git --help'.

The most similar command is
	push
bash-3.2$ git push origin test
Enumerating objects: 33, done.
Counting objects:   3% (1/33)   Counting objects:   6% (2/33)   Counting objects:   9% (3/33)   Counting objects:  12% (4/33)   Counting objects:  15% (5/33)   Counting objects:  18% (6/33)   Counting objects:  21% (7/33)   Counting objects:  24% (8/33)   Counting objects:  27% (9/33)   Counting objects:  30% (10/33)   Counting objects:  33% (11/33)   Counting objects:  36% (12/33)   Counting objects:  39% (13/33)   Counting objects:  42% (14/33)   Counting objects:  45% (15/33)   Counting objects:  48% (16/33)   Counting objects:  51% (17/33)   Counting objects:  54% (18/33)   Counting objects:  57% (19/33)   Counting objects:  60% (20/33)   Counting objects:  63% (21/33)   Counting objects:  66% (22/33)   Counting objects:  69% (23/33)   Counting objects:  72% (24/33)   Counting objects:  75% (25/33)   Counting objects:  78% (26/33)   Counting objects:  81% (27/33)   Counting objects:  84% (28/33)   Counting objects:  87% (29/33)   Counting objects:  90% (30/33)   Counting objects:  93% (31/33)   Counting objects:  96% (32/33)   Counting objects: 100% (33/33)   Counting objects: 100% (33/33), done.
Delta compression using up to 8 threads
Compressing objects:   5% (1/19)   Compressing objects:  10% (2/19)   Compressing objects:  15% (3/19)   Compressing objects:  21% (4/19)   Compressing objects:  26% (5/19)   Compressing objects:  31% (6/19)   Compressing objects:  36% (7/19)   Compressing objects:  42% (8/19)   Compressing objects:  47% (9/19)   Compressing objects:  52% (10/19)   Compressing objects:  57% (11/19)   Compressing objects:  63% (12/19)   Compressing objects:  68% (13/19)   Compressing objects:  73% (14/19)   Compressing objects:  78% (15/19)   Compressing objects:  84% (16/19)   Compressing objects:  89% (17/19)   Compressing objects:  94% (18/19)   Compressing objects: 100% (19/19)   Compressing objects: 100% (19/19), done.
Writing objects:   5% (1/19)   Writing objects:  10% (2/19)   Writing objects:  15% (3/19)   Writing objects:  21% (4/19)   Writing objects:  26% (5/19)   Writing objects:  31% (6/19)   Writing objects:  36% (7/19)   Writing objects:  47% (9/19)   Writing objects:  52% (10/19)   Writing objects:  57% (11/19)   Writing objects:  63% (12/19)   Writing objects:  68% (13/19)   Writing objects:  73% (14/19)   Writing objects:  78% (15/19)   Writing objects:  84% (16/19)   Writing objects:  89% (17/19)   Writing objects:  94% (18/19)   Writing objects: 100% (19/19)   Writing objects: 100% (19/19), 7.20 KiB | 3.60 MiB/s, done.
Total 19 (delta 15), reused 0 (delta 0)
remote: Resolving deltas:   0% (0/15)[Kremote: Resolving deltas:   6% (1/15)[Kremote: Resolving deltas:  13% (2/15)[Kremote: Resolving deltas:  20% (3/15)[Kremote: Resolving deltas:  26% (4/15)[Kremote: Resolving deltas:  33% (5/15)[Kremote: Resolving deltas:  40% (6/15)[Kremote: Resolving deltas:  46% (7/15)[Kremote: Resolving deltas:  53% (8/15)[Kremote: Resolving deltas:  60% (9/15)[Kremote: Resolving deltas:  66% (10/15)[Kremote: Resolving deltas:  73% (11/15)[Kremote: Resolving deltas:  80% (12/15)[Kremote: Resolving deltas:  86% (13/15)[Kremote: Resolving deltas: 100% (15/15)[Kremote: Resolving deltas: 100% (15/15), completed with 13 local objects.[K
To https://github.com/skergoat/Sweeetch.git
   bf2a45a..675e9bd  test -> test
bash-3.2$ git branch -d test-2
Deleted branch test-2 (was 5216325).
bash-3.2$ git branch test-2
bash-3.2$ git checkout master 
error: Your local changes to the following files would be overwritten by checkout:
	cache:clear
Please commit your changes or stash them before you switch branches.
Aborting
bash-3.2$ git status 
On branch test
Changes not staged for commit:
  (use "git add <file>..." to update what will be committed)
  (use "git checkout -- <file>..." to discard changes in working directory)

	[31mmodified:   cache:clear[m

no changes added to commit (use "git add" and/or "git commit -a")
bash-3.2$ git merge test
Already up to date.
bash-3.2$ git branch 
[?1h=  master[m[m
* [32mtest[m[m
  test-2[m[m
[K[?1l>bash-3.2$ git checkout master 
error: Your local changes to the following files would be overwritten by checkout:
	cache:clear
Please commit your changes or stash them before you switch branches.
Aborting
bash-3.2$ git merge test
Already up to date.
bash-3.2$ git commti -am ''m'e'r'g'e'
git: 'commti' is not a git command. See 'git --help'.

The most similar command is
	commit
bash-3.2$ git checkout master
error: Your local changes to the following files would be overwritten by checkout:
	cache:clear
Please commit your changes or stash them before you switch branches.
Aborting
bash-3.2$ git branch 
[?1h=  master[m[m
* [32mtest[m[m
  test-2[m[m
[K[?1l>bash-3.2$ git checkout master
error: Your local changes to the following files would be overwritten by checkout:
	cache:clear
Please commit your changes or stash them before you switch branches.
Aborting
bash-3.2$ git add . 
\bash-3.2$ \git [K[K[K[K[Kgit c