Script started on Mon Feb  3 10:23:42 2020
[?1034hbash-3.2$ bin/console doctein[K[K[Krine:remove[K[K[K[K[K[K[K[K[K[K[K[K[K[K[K[K[K[K[K[K[K[K[K[K[K[K[Kcomposer remove profiler
[30;43mDependency "symfony/framework-bundle" is also a root requirement, but is not explicitly whitelisted. Ignoring.[39;49m
[32mLoading composer repositories with package information[39m
[32mUpdating dependencies (including require-dev)[39m
[32mRestricting packages listed in "symfony/symfony" to "5.0.*"[39m
[32mPackage operations: 0 installs, 0 updates, 2 removals[39m
  - Removing [32msymfony/web-profiler-bundle[39m ([33mv5.0.4[39m)
  - Removing [32msymfony/profiler-pack[39m ([33mv1.0.4[39m)
[32mWriting lock file[39m
[32mGenerating autoload files[39m
[32mocramius/package-versions:[39m Generating version class...
[32mocramius/package-versions:[39m ...done generating version class
[32mSymfony operations: 1 recipe (e6c90b28cdfb85ede2b59e62033340eb)[39m
  - Unconfiguring [32msymfony/web-profiler-bundle[39m ([33m>=3.3[39m): From github.com/symfony/recipes:master
Executing script cache:clear [32m[OK][39m
Executing script assets:install public [32m[OK][39m

bash-3.2$ git status 
On branch entities
Changes not staged for commit:
  (use "git add/rm <file>..." to update what will be committed)
  (use "git checkout -- <file>..." to discard changes in working directory)

	[31mmodified:   assets/css/back/homepage.scss[m
	[31mmodified:   assets/js/Back/homepage.js[m
	[31mmodified:   composer.json[m
	[31mmodified:   composer.lock[m
	[31mmodified:   config/bundles.php[m
	[31mdeleted:    src/Controller/TestController.php[m
	[31mdeleted:    src/DataFixtures/MissionFixture.php[m
	[31mdeleted:    src/Entity/Mission.php[m
	[31mdeleted:    src/Migrations/Version20200202160120.php[m
	[31mdeleted:    src/Migrations/Version20200202161835.php[m
	[31mdeleted:    src/Repository/MissionRepository.php[m
	[31mmodified:   symfony.lock[m
	[31mmodified:   templates/Front/index.html.twig[m
	[31mmodified:   templates/Front/test.html.twig[m
	[31mdeleted:    templates/base.html.twig[m
	[31mmodified:   webpack.config.js[m

Untracked files:
  (use "git add <file>..." to include in what will be committed)

	[31mcache:clear[m
	[31mconfig/packages/sensio_framework_extra.yaml[m
	[31mconfig/packages/test/validator.yaml[m
	[31mconfig/packages/validator.yaml[m
	[31msrc/Controller/BackController.php[m
	[31msrc/Controller/Test/[m
	[31msrc/Controller/UserController.php[m
	[31msrc/Form/[m
	[31msrc/Migrations/Version20200203032115.php[m
	[31mtemplates/back/[m
	[31mtemplates/base-back.html.twig[m
	[31mtemplates/base-front.html.twig[m
	[31mtemplates/user/[m

no changes added to commit (use "git add" and/or "git commit -a")
bash-3.2$ git add .
bash-3.2$ git commit -am ''r'e't'u'r'n' 't'o'[1P'[1P'[1P'[1P'[1P'[1P'[1P'[1P'[1P'f'i'n'd' 'u's'e'r' 'a'g'i'n'[1P'[1P'a'i'n'
[entities 7cadb87] find user again
 31 files changed, 914 insertions(+), 200 deletions(-)
 create mode 100644 cache:clear
 create mode 100644 config/packages/sensio_framework_extra.yaml
 create mode 100644 config/packages/test/validator.yaml
 create mode 100644 config/packages/validator.yaml
 create mode 100644 src/Controller/BackController.php
 rename src/Controller/{ => Test}/TestController.php (95%)
 create mode 100644 src/Controller/UserController.php
 delete mode 100644 src/DataFixtures/MissionFixture.php
 delete mode 100644 src/Entity/Mission.php
 create mode 100644 src/Form/UserType.php
 delete mode 100644 src/Migrations/Version20200202161835.php
 rename src/Migrations/{Version20200202160120.php => Version20200203032115.php} (95%)
 delete mode 100644 src/Repository/MissionRepository.php
 create mode 100644 templates/back/index.html.twig
 create mode 100644 templates/base-back.html.twig
 rename templates/{base.html.twig => base-front.html.twig} (99%)
 create mode 100644 templates/user/_delete_form.html.twig
 create mode 100644 templates/user/_form.html.twig
 create mode 100644 templates/user/edit.html.twig
 create mode 100644 templates/user/index.html.twig
 create mode 100644 templates/user/new.html.twig
 create mode 100644 templates/user/show.html.twig
bash-3.2$ git push origin master
To https://github.com/skergoat/Sweeetch.git
 [31m! [rejected]       [m master -> master (fetch first)
[31merror: failed to push some refs to 'https://github.com/skergoat/Sweeetch.git'
[m[33mhint: Updates were rejected because the remote contains work that you do[m
[33mhint: not have locally. This is usually caused by another repository pushing[m
[33mhint: to the same ref. You may want to first integrate the remote changes[m
[33mhint: (e.g., 'git pull ...') before pushing again.[m
[33mhint: See the 'Note about fast-forwards' in 'git push --help' for details.[m
bash-3.2$ git pull --allow-i[Kunrelated-histories
remote: Enumerating objects: 88, done.[K
remote: Counting objects:   1% (1/88)[Kremote: Counting objects:   2% (2/88)[Kremote: Counting objects:   3% (3/88)[Kremote: Counting objects:   4% (4/88)[Kremote: Counting objects:   5% (5/88)[Kremote: Counting objects:   6% (6/88)[Kremote: Counting objects:   7% (7/88)[Kremote: Counting objects:   9% (8/88)[Kremote: Counting objects:  10% (9/88)[Kremote: Counting objects:  11% (10/88)[Kremote: Counting objects:  12% (11/88)[Kremote: Counting objects:  13% (12/88)[Kremote: Counting objects:  14% (13/88)[Kremote: Counting objects:  15% (14/88)[Kremote: Counting objects:  17% (15/88)[Kremote: Counting objects:  18% (16/88)[Kremote: Counting objects:  19% (17/88)[Kremote: Counting objects:  20% (18/88)[Kremote: Counting objects:  21% (19/88)[Kremote: Counting objects:  22% (20/88)[Kremote: Counting objects:  23% (21/88)[Kremote: Counting objects:  25% (22/88)[Kremote: Counting objects:  26% (23/88)[Kremote: Counting objects:  27% (24/88)[Kremote: Counting objects:  28% (25/88)[Kremote: Counting objects:  29% (26/88)[Kremote: Counting objects:  30% (27/88)[Kremote: Counting objects:  31% (28/88)[Kremote: Counting objects:  32% (29/88)[Kremote: Counting objects:  34% (30/88)[Kremote: Counting objects:  35% (31/88)[Kremote: Counting objects:  36% (32/88)[Kremote: Counting objects:  37% (33/88)[Kremote: Counting objects:  38% (34/88)[Kremote: Counting objects:  39% (35/88)[Kremote: Counting objects:  40% (36/88)[Kremote: Counting objects:  42% (37/88)[Kremote: Counting objects:  43% (38/88)[Kremote: Counting objects:  44% (39/88)[Kremote: Counting objects:  45% (40/88)[Kremote: Counting objects:  46% (41/88)[Kremote: Counting objects:  47% (42/88)[Kremote: Counting objects:  48% (43/88)[Kremote: Counting objects:  50% (44/88)[Kremote: Counting objects:  51% (45/88)[Kremote: Counting objects:  52% (46/88)[Kremote: Counting objects:  53% (47/88)[Kremote: Counting objects:  54% (48/88)[Kremote: Counting objects:  55% (49/88)[Kremote: Counting objects:  56% (50/88)[Kremote: Counting objects:  57% (51/88)[Kremote: Counting objects:  59% (52/88)[Kremote: Counting objects:  60% (53/88)[Kremote: Counting objects:  61% (54/88)[Kremote: Counting objects:  62% (55/88)[Kremote: Counting objects:  63% (56/88)[Kremote: Counting objects:  64% (57/88)[Kremote: Counting objects:  65% (58/88)[Kremote: Counting objects:  67% (59/88)[Kremote: Counting objects:  68% (60/88)[Kremote: Counting objects:  69% (61/88)[Kremote: Counting objects:  70% (62/88)[Kremote: Counting objects:  71% (63/88)[Kremote: Counting objects:  72% (64/88)[Kremote: Counting objects:  73% (65/88)[Kremote: Counting objects:  75% (66/88)[Kremote: Counting objects:  76% (67/88)[Kremote: Counting objects:  77% (68/88)[Kremote: Counting objects:  78% (69/88)[Kremote: Counting objects:  79% (70/88)[Kremote: Counting objects:  80% (71/88)[Kremote: Counting objects:  81% (72/88)[Kremote: Counting objects:  82% (73/88)[Kremote: Counting objects:  84% (74/88)[Kremote: Counting objects:  85% (75/88)[Kremote: Counting objects:  86% (76/88)[Kremote: Counting objects:  87% (77/88)[Kremote: Counting objects:  88% (78/88)[Kremote: Counting objects:  89% (79/88)[Kremote: Counting objects:  90% (80/88)[Kremote: Counting objects:  92% (81/88)[Kremote: Counting objects:  93% (82/88)[Kremote: Counting objects:  94% (83/88)[Kremote: Counting objects:  95% (84/88)[Kremote: Counting objects:  96% (85/88)[Kremote: Counting objects:  97% (86/88)[Kremote: Counting objects:  98% (87/88)[Kremote: Counting objects: 100% (88/88)[Kremote: Counting objects: 100% (88/88), done.[K
remote: Compressing objects:   3% (1/32)[Kremote: Compressing objects:   6% (2/32)[Kremote: Compressing objects:   9% (3/32)[Kremote: Compressing objects:  12% (4/32)[Kremote: Compressing objects:  15% (5/32)[Kremote: Compressing objects:  18% (6/32)[Kremote: Compressing objects:  21% (7/32)[Kremote: Compressing objects:  25% (8/32)[Kremote: Compressing objects:  28% (9/32)[Kremote: Compressing objects:  31% (10/32)[Kremote: Compressing objects:  34% (11/32)[Kremote: Compressing objects:  37% (12/32)[Kremote: Compressing objects:  40% (13/32)[Kremote: Compressing objects:  43% (14/32)[Kremote: Compressing objects:  46% (15/32)[Kremote: Compressing objects:  50% (16/32)[Kremote: Compressing objects:  53% (17/32)[Kremote: Compressing objects:  56% (18/32)[Kremote: Compressing objects:  59% (19/32)[Kremote: Compressing objects:  62% (20/32)[Kremote: Compressing objects:  65% (21/32)[Kremote: Compressing objects:  68% (22/32)[Kremote: Compressing objects:  71% (23/32)[Kremote: Compressing objects:  75% (24/32)[Kremote: Compressing objects:  78% (25/32)[Kremote: Compressing objects:  81% (26/32)[Kremote: Compressing objects:  84% (27/32)[Kremote: Compressing objects:  87% (28/32)[Kremote: Compressing objects:  90% (29/32)[Kremote: Compressing objects:  93% (30/32)[Kremote: Compressing objects:  96% (31/32)[Kremote: Compressing objects: 100% (32/32)[Kremote: Compressing objects: 100% (32/32), done.[K
Unpacking objects:   1% (1/60)   Unpacking objects:   3% (2/60)   Unpacking objects:   5% (3/60)   Unpacking objects:   6% (4/60)   Unpacking objects:   8% (5/60)   Unpacking objects:  10% (6/60)   Unpacking objects:  11% (7/60)   Unpacking objects:  13% (8/60)   Unpacking objects:  15% (9/60)   Unpacking objects:  16% (10/60)   Unpacking objects:  18% (11/60)   Unpacking objects:  20% (12/60)   Unpacking objects:  21% (13/60)   Unpacking objects:  23% (14/60)   Unpacking objects:  25% (15/60)   Unpacking objects:  26% (16/60)   Unpacking objects:  28% (17/60)   Unpacking objects:  30% (18/60)   Unpacking objects:  31% (19/60)   Unpacking objects:  33% (20/60)   Unpacking objects:  35% (21/60)   Unpacking objects:  36% (22/60)   Unpacking objects:  38% (23/60)   Unpacking objects:  40% (24/60)   Unpacking objects:  41% (25/60)   Unpacking objects:  43% (26/60)   Unpacking objects:  45% (27/60)   Unpacking objects:  46% (28/60)   Unpacking objects:  48% (29/60)   Unpacking objects:  50% (30/60)   Unpacking objects:  51% (31/60)   Unpacking objects:  53% (32/60)   Unpacking objects:  55% (33/60)   Unpacking objects:  56% (34/60)   Unpacking objects:  58% (35/60)   Unpacking objects:  60% (36/60)   Unpacking objects:  61% (37/60)   Unpacking objects:  63% (38/60)   remote: Total 60 (delta 24), reused 59 (delta 23), pack-reused 0[K
Unpacking objects:  65% (39/60)   Unpacking objects:  66% (40/60)   Unpacking objects:  68% (41/60)   Unpacking objects:  70% (42/60)   Unpacking objects:  71% (43/60)   Unpacking objects:  73% (44/60)   Unpacking objects:  75% (45/60)   Unpacking objects:  76% (46/60)   Unpacking objects:  78% (47/60)   Unpacking objects:  80% (48/60)   Unpacking objects:  81% (49/60)   Unpacking objects:  83% (50/60)   Unpacking objects:  85% (51/60)   Unpacking objects:  86% (52/60)   Unpacking objects:  88% (53/60)   Unpacking objects:  90% (54/60)   Unpacking objects:  91% (55/60)   Unpacking objects:  93% (56/60)   Unpacking objects:  95% (57/60)   Unpacking objects:  96% (58/60)   Unpacking objects:  98% (59/60)   Unpacking objects: 100% (60/60)   Unpacking objects: 100% (60/60), done.
From https://github.com/skergoat/Sweeetch
   68a3205..c354541  master     -> origin/master
There is no tracking information for the current branch.
Please specify which branch you want to merge with.
See git-pull(1) for details.

    git pull <remote> <branch>

If you wish to set tracking information for this branch you can do so with:

    git branch --set-upstream-to=origin/<branch> entities

bash-3.2$ git opu[K[K[Kpuh [K[Ksh origin master
To https://github.com/skergoat/Sweeetch.git
 [31m! [rejected]       [m master -> master (non-fast-forward)
[31merror: failed to push some refs to 'https://github.com/skergoat/Sweeetch.git'
[m[33mhint: Updates were rejected because a pushed branch tip is behind its remote[m
[33mhint: counterpart. Check out this branch and integrate the remote changes[m
[33mhint: (e.g. 'git pull ...') before pushing again.[m
[33mhint: See the 'Note about fast-forwards' in 'git push --help' for details.[m
bash-3.2$ git remote -v
origin	https://github.com/skergoat/Sweeetch.git (fetch)
origin	https://github.com/skergoat/Sweeetch.git (push)
bash-3.2$ git brnach[K[K[K[Kanch
[?1h=* [32mentities[m[m
  master[m[m
[K[?1l>bash-3.2$ git checkout master
error: Your local changes to the following files would be overwritten by checkout:
	cache:clear
Please commit your changes or stash them before you switch branches.
Aborting
bash-3.2$ git merge entites[K[Kies
Already up to date.
bash-3.2$ git status 
On branch entities
Changes not staged for commit:
  (use "git add <file>..." to update what will be committed)
  (use "git checkout -- <file>..." to discard changes in working directory)

	[31mmodified:   cache:clear[m

no changes added to commit (use "git add" and/or "git commit -a")
bash-3.2$ git push origin master
To https://github.com/skergoat/Sweeetch.git
 [31m! [rejected]       [m master -> master (non-fast-forward)
[31merror: failed to push some refs to 'https://github.com/skergoat/Sweeetch.git'
[m[33mhint: Updates were rejected because a pushed branch tip is behind its remote[m
[33mhint: counterpart. Check out this branch and integrate the remote changes[m
[33mhint: (e.g. 'git pull ...') before pushing again.[m
[33mhint: See the 'Note about fast-forwards' in 'git push --help' for details.[m
bash-3.2$ git pull
There is no tracking information for the current branch.
Please specify which branch you want to merge with.
See git-pull(1) for details.

    git pull <remote> <branch>

If you wish to set tracking information for this branch you can do so with:

    git branch --set-upstream-to=origin/<branch> entities

bash-3.2$ git pull --allow-unrelated-histories
There is no tracking information for the current branch.
Please specify which branch you want to merge with.
See git-pull(1) for details.

    git pull <remote> <branch>

If you wish to set tracking information for this branch you can do so with:

    git branch --set-upstream-to=origin/<branch> entities

bash-3.2$ git [K[K[K[Kgit remote -v
origin	https://github.com/skergoat/Sweeetch.git (fetch)
origin	https://github.com/skergoat/Sweeetch.git (push)
bash-3.2$ git pull https://github.com/skergoat/Sweeetch.git  master
From https://github.com/skergoat/Sweeetch
 * branch            master     -> FETCH_HEAD
Auto-merging templates/base-front.html.twig
Auto-merging src/Form/UserType.php
CONFLICT (add/add): Merge conflict in src/Form/UserType.php
Auto-merging src/Controller/Test/TestController.php
Automatic merge failed; fix conflicts and then commit the result.
bash-3.2$ git commit -amm[K ''m'e'r'g'e'
[entities 402ea0b] merge
bash-3.2$ git push origin master
To https://github.com/skergoat/Sweeetch.git
 [31m! [rejected]       [m master -> master (non-fast-forward)
[31merror: failed to push some refs to 'https://github.com/skergoat/Sweeetch.git'
[m[33mhint: Updates were rejected because a pushed branch tip is behind its remote[m
[33mhint: counterpart. Check out this branch and integrate the remote changes[m
[33mhint: (e.g. 'git pull ...') before pushing again.[m
[33mhint: See the 'Note about fast-forwards' in 'git push --help' for details.[m
bash-3.2$ git remote -v
origin	https://github.com/skergoat/Sweeetch.git (fetch)
origin	https://github.com/skergoat/Sweeetch.git (push)
bash-3.2$ git pull https://github.com/skergoat/Sweeetch.git master
From https://github.com/skergoat/Sweeetch
 * branch            master     -> FETCH_HEAD
Already up to date.
bash-3.2$ git push origin master
To https://github.com/skergoat/Sweeetch.git
 [31m! [rejected]       [m master -> master (non-fast-forward)
[31merror: failed to push some refs to 'https://github.com/skergoat/Sweeetch.git'
[m[33mhint: Updates were rejected because a pushed branch tip is behind its remote[m
[33mhint: counterpart. Check out this branch and integrate the remote changes[m
[33mhint: (e.g. 'git pull ...') before pushing again.[m
[33mhint: See the 'Note about fast-forwards' in 'git push --help' for details.[m
bash-3.2$ git status 
On branch entities
Changes not staged for commit:
  (use "git add <file>..." to update what will be committed)
  (use "git checkout -- <file>..." to discard changes in working directory)

	[31mmodified:   cache:clear[m

no changes added to commit (use "git add" and/or "git commit -a")
bash-3.2$ git git pull[K[K[K[K[K[K[K[Kull [K[K[K[K[K pull --allow-unrelated-histories
There is no tracking information for the current branch.
Please specify which branch you want to merge with.
See git-pull(1) for details.

    git pull <remote> <branch>

If you wish to set tracking information for this branch you can do so with:

    git branch --set-upstream-to=origin/<branch> entities

bash-3.2$ git branch
[?1h=* [32mentities[m[m
  master[m[m
[K[?1l>bash-3.2$ git checkout master 
error: Your local changes to the following files would be overwritten by checkout:
	cache:clear
Please commit your changes or stash them before you switch branches.
Aborting
bash-3.2$ git status 
On branch entities
Changes not staged for commit:
  (use "git add <file>..." to update what will be committed)
  (use "git checkout -- <file>..." to discard changes in working directory)

	[31mmodified:   cache:clear[m

no changes added to commit (use "git add" and/or "git commit -a")
bash-3.2$ git ban[K[Kranch
[?1h=* [32mentities[m[m
  master[m[m
[K[?1l>bash-3.2$ git checkout master
error: Your local changes to the following files would be overwritten by checkout:
	cache:clear
Please commit your changes or stash them before you switch branches.
Aborting
bash-3.2$ git commit -am ''c'a'c'h'e'
[entities 27f8c32] cache
 1 file changed, 49 insertions(+), 1 deletion(-)
bash-3.2$ git checkout master
error: Your local changes to the following files would be overwritten by checkout:
	cache:clear
Please commit your changes or stash them before you switch branches.
Aborting
bash-3.2$ git commit -am '''[Kc'a'c'h'e'
[entities 27dc4ad] cache
 1 file changed, 26 insertions(+), 1 deletion(-)
bash-3.2$ git push origin entities
Enumerating objects: 36, done.
Counting objects:   2% (1/36)   Counting objects:   5% (2/36)   Counting objects:   8% (3/36)   Counting objects:  11% (4/36)   Counting objects:  13% (5/36)   Counting objects:  16% (6/36)   Counting objects:  19% (7/36)   Counting objects:  22% (8/36)   Counting objects:  25% (9/36)   Counting objects:  27% (10/36)   Counting objects:  30% (11/36)   Counting objects:  33% (12/36)   Counting objects:  36% (13/36)   Counting objects:  38% (14/36)   Counting objects:  41% (15/36)   Counting objects:  44% (16/36)   Counting objects:  47% (17/36)   Counting objects:  50% (18/36)   Counting objects:  52% (19/36)   Counting objects:  55% (20/36)   Counting objects:  58% (21/36)   Counting objects:  61% (22/36)   Counting objects:  63% (23/36)   Counting objects:  66% (24/36)   Counting objects:  69% (25/36)   Counting objects:  72% (26/36)   Counting objects:  75% (27/36)   Counting objects:  77% (28/36)   Counting objects:  80% (29/36)   Counting objects:  83% (30/36)   Counting objects:  86% (31/36)   Counting objects:  88% (32/36)   Counting objects:  91% (33/36)   Counting objects:  94% (34/36)   Counting objects:  97% (35/36)   Counting objects: 100% (36/36)   Counting objects: 100% (36/36), done.
Delta compression using up to 8 threads
Compressing objects:   4% (1/21)   Compressing objects:   9% (2/21)   Compressing objects:  14% (3/21)   Compressing objects:  19% (4/21)   Compressing objects:  23% (5/21)   Compressing objects:  28% (6/21)   Compressing objects:  33% (7/21)   Compressing objects:  38% (8/21)   Compressing objects:  42% (9/21)   Compressing objects:  47% (10/21)   Compressing objects:  52% (11/21)   Compressing objects:  57% (12/21)   Compressing objects:  61% (13/21)   Compressing objects:  66% (14/21)   Compressing objects:  71% (15/21)   Compressing objects:  76% (16/21)   Compressing objects:  80% (17/21)   Compressing objects:  85% (18/21)   Compressing objects:  90% (19/21)   Compressing objects:  95% (20/21)   Compressing objects: 100% (21/21)   Compressing objects: 100% (21/21), done.
Writing objects:   4% (1/22)   Writing objects:   9% (2/22)   Writing objects:  13% (3/22)   Writing objects:  18% (4/22)   Writing objects:  22% (5/22)   Writing objects:  27% (6/22)   Writing objects:  31% (7/22)   Writing objects:  36% (8/22)   Writing objects:  40% (9/22)   Writing objects:  45% (10/22)   Writing objects:  50% (11/22)   Writing objects:  54% (12/22)   Writing objects:  59% (13/22)   Writing objects:  63% (14/22)   Writing objects:  68% (15/22)   Writing objects:  72% (16/22)   Writing objects:  77% (17/22)   Writing objects:  81% (18/22)   Writing objects:  86% (19/22)   Writing objects:  90% (20/22)   Writing objects:  95% (21/22)   Writing objects: 100% (22/22)   Writing objects: 100% (22/22), 5.61 KiB | 5.61 MiB/s, done.
Total 22 (delta 13), reused 0 (delta 0)
remote: Resolving deltas:   0% (0/13)[Kremote: Resolving deltas:  23% (3/13)[Kremote: Resolving deltas:  53% (7/13)[Kremote: Resolving deltas:  61% (8/13)[Kremote: Resolving deltas:  76% (10/13)[Kremote: Resolving deltas:  84% (11/13)[Kremote: Resolving deltas:  92% (12/13)[Kremote: Resolving deltas: 100% (13/13)[Kremote: Resolving deltas: 100% (13/13), completed with 6 local objects.[K
remote: 
remote: Create a pull request for 'entities' on GitHub by visiting:[K
remote:      https://github.com/skergoat/Sweeetch/pull/new/entities[K
remote: 
To https://github.com/skergoat/Sweeetch.git
 * [new branch]      entities -> entities
bash-3.2$ git checkout master
error: Your local changes to the following files would be overwritten by checkout:
	cache:clear
Please commit your changes or stash them before you switch branches.
Aborting
bash-3.2$ git add. [K[K . 
bash-3.2$ git commit -am ''c'a'c'h'e'
[entities 30bf604] cache
 1 file changed, 28 insertions(+), 1 deletion(-)
bash-3.2$ git push origin m[Kentities
Enumerating objects: 5, done.
Counting objects:  20% (1/5)   Counting objects:  40% (2/5)   Counting objects:  60% (3/5)   Counting objects:  80% (4/5)   Counting objects: 100% (5/5)   Counting objects: 100% (5/5), done.
Delta compression using up to 8 threads
Compressing objects:  33% (1/3)   Compressing objects:  66% (2/3)   Compressing objects: 100% (3/3)   Compressing objects: 100% (3/3), done.
Writing objects:  33% (1/3)   Writing objects:  66% (2/3)   Writing objects: 100% (3/3)   Writing objects: 100% (3/3), 1.13 KiB | 1.13 MiB/s, done.
Total 3 (delta 2), reused 0 (delta 0)
remote: Resolving deltas:   0% (0/2)[Kremote: Resolving deltas:  50% (1/2)[Kremote: Resolving deltas: 100% (2/2)[Kremote: Resolving deltas: 100% (2/2), completed with 2 local objects.[K
To https://github.com/skergoat/Sweeetch.git
   27dc4ad..30bf604  entities -> entities
bash-3.2$ git checkout master 
error: Your local changes to the following files would be overwritten by checkout:
	cache:clear
Please commit your changes or stash them before you switch branches.
Aborting
bash-3.2$ git status 
On branch entities
Changes not staged for commit:
  (use "git add <file>..." to update what will be committed)
  (use "git checkout -- <file>..." to discard changes in working directory)

	[31mmodified:   cache:clear[m

no changes added to commit (use "git add" and/or "git commit -a")
bash-3.2$ git add . 
bash-3.2$ git status 
On branch entities
Changes to be committed:
  (use "git reset HEAD <file>..." to unstage)

	[32mmodified:   cache:clear[m

bash-3.2$ gi