Script started on Sat Feb  8 13:58:19 2020
[?1034hbash-3.2$ git status 
On branch test
Changes not staged for commit:
  (use "git add/rm <file>..." to update what will be committed)
  (use "git checkout -- <file>..." to discard changes in working directory)

	[31mmodified:   cache:clear[m
	[31mmodified:   src/Controller/Admin/AdminConfirmController.php[m
	[31mdeleted:    src/Controller/BackController.php[m
	[31mdeleted:    templates/back/_confirm_form.html.twig[m
	[31mmodified:   templates/back/_warning_form.html.twig[m
	[31mmodified:   templates/back/index.html.twig[m
	[31mmodified:   templates/base-student.html.twig[m
	[31mdeleted:    templates/student/_confirm_form.html.twig[m
	[31mmodified:   templates/student/index.html.twig[m

Untracked files:
  (use "git add <file>..." to include in what will be committed)

	[31msrc/Controller/Admin/AdminController.php[m

no changes added to commit (use "git add" and/or "git commit -a")
bash-3.2$ git add .
bash-3.2$ git commit -am ''s'o'm'e's' 'c'h'a'n'g'e's' 't'o' 's't'u'd'e'n't's' 'a'n'd' 'a'd'm'i'n'
[test ab094f0] somes changes to students and admin
 9 files changed, 134 insertions(+), 184 deletions(-)
 rewrite cache:clear (93%)
 rename src/Controller/{BackController.php => Admin/AdminController.php} (77%)
 delete mode 100644 templates/back/_confirm_form.html.twig
 rewrite templates/back/index.html.twig (72%)
 delete mode 100644 templates/student/_confirm_form.html.twig
bash-3.2$ git pous[K[K[K[K[K branch 
[?1h=  master[m[m
* [32mtest[m[m
  test-2[m[m
[K[?1l>bash-3.2$ git push origin test
Enumerating objects: 27, done.
Counting objects:   3% (1/27)   Counting objects:   7% (2/27)   Counting objects:  11% (3/27)   Counting objects:  14% (4/27)   Counting objects:  18% (5/27)   Counting objects:  22% (6/27)   Counting objects:  25% (7/27)   Counting objects:  29% (8/27)   Counting objects:  33% (9/27)   Counting objects:  37% (10/27)   Counting objects:  40% (11/27)   Counting objects:  44% (12/27)   Counting objects:  48% (13/27)   Counting objects:  51% (14/27)   Counting objects:  55% (15/27)   Counting objects:  59% (16/27)   Counting objects:  62% (17/27)   Counting objects:  66% (18/27)   Counting objects:  70% (19/27)   Counting objects:  74% (20/27)   Counting objects:  77% (21/27)   Counting objects:  81% (22/27)   Counting objects:  85% (23/27)   Counting objects:  88% (24/27)   Counting objects:  92% (25/27)   Counting objects:  96% (26/27)   Counting objects: 100% (27/27)   Counting objects: 100% (27/27), done.
Delta compression using up to 8 threads
Compressing objects:   6% (1/15)   Compressing objects:  13% (2/15)   Compressing objects:  20% (3/15)   Compressing objects:  26% (4/15)   Compressing objects:  33% (5/15)   Compressing objects:  40% (6/15)   Compressing objects:  46% (7/15)   Compressing objects:  53% (8/15)   Compressing objects:  60% (9/15)   Compressing objects:  66% (10/15)   Compressing objects:  73% (11/15)   Compressing objects:  80% (12/15)   Compressing objects:  86% (13/15)   Compressing objects:  93% (14/15)   Compressing objects: 100% (15/15)   Compressing objects: 100% (15/15), done.
Writing objects:   6% (1/15)   Writing objects:  13% (2/15)   Writing objects:  20% (3/15)   Writing objects:  26% (4/15)   Writing objects:  33% (5/15)   Writing objects:  40% (6/15)   Writing objects:  46% (7/15)   Writing objects:  53% (8/15)   Writing objects:  60% (9/15)   Writing objects:  66% (10/15)   Writing objects:  73% (11/15)   Writing objects:  80% (12/15)   Writing objects:  86% (13/15)   Writing objects:  93% (14/15)   Writing objects: 100% (15/15)   Writing objects: 100% (15/15), 2.27 KiB | 2.27 MiB/s, done.
Total 15 (delta 12), reused 0 (delta 0)
remote: Resolving deltas:   0% (0/12)[Kremote: Resolving deltas:   8% (1/12)[Kremote: Resolving deltas:  16% (2/12)[Kremote: Resolving deltas:  25% (3/12)[Kremote: Resolving deltas:  33% (4/12)[Kremote: Resolving deltas:  50% (6/12)[Kremote: Resolving deltas:  58% (7/12)[Kremote: Resolving deltas:  83% (10/12)[Kremote: Resolving deltas:  91% (11/12)[Kremote: Resolving deltas: 100% (12/12)[Kremote: Resolving deltas: 100% (12/12), completed with 9 local objects.[K
To https://github.com/skergoat/Sweeetch.git
   aa4bda6..ab094f0  test -> test
bash-3.2$ bin/console doctrine:fixtures:load

 [32mCareful, database "sweeetch" will be purged. Do you want to continue? (yes/no)[39m [[33mno[39m]:
 > y

   [33m>[39m [32mpurging database[39m
   [33m>[39m [32mloading App\DataFixtures\AppFixtures[39m
   [33m>[39m [32mloading App\DataFixtures\StudentFixtures[39m
   [33m>[39m [32mloading App\DataFixtures\UserFixture[39m
bash-3.2$ git branch -d test-2
Deleted branch test-2 (was aa4bda6).
bash-3.2$ git branch te