Script started on Sat Feb 15 12:27:50 2020
[?1034hbash-3.2$ bin/console doctrine:fixtures:load 
y

 [32mCareful, database "sweeetch" will be purged. Do you want to continue? (yes/no)[39m [[33mno[39m]:
 > 
   [33m>[39m [32mpurging database[39m
   [33m>[39m [32mloading App\DataFixtures\AppFixtures[39m
   [33m>[39m [32mloading App\DataFixtures\CompanyFixtures[39m
   [33m>[39m [32mloading App\DataFixtures\SchoolFixtures[39m
   [33m>[39m [32mloading App\DataFixtures\StudentFixtures[39m
   [33m>[39m [32mloading App\DataFixtures\UserFixture[39m
bash-3.2$ git status 
On branch save
Changes not staged for commit:
  (use "git add <file>..." to update what will be committed)
  (use "git checkout -- <file>..." to discard changes in working directory)

	[31mmodified:   cache:clear[m

Untracked files:
  (use "git add <file>..." to include in what will be committed)

	[31msrc/Controller/University/[m
	[31msrc/Entity/Studies.php[m
	[31msrc/Form/StudiesType.php[m
	[31msrc/Migrations/Version20200215043732.php[m
	[31msrc/Migrations/Version20200215043840.php[m
	[31msrc/Repository/StudiesRepository.php[m
	[31mtemplates/studies/[m

no changes added to commit (use "git add" and/or "git commit -a")
bash-3.2$ git add .
bash-3.2$ git commit -am ''s'e'e'm's' '[1P'cseems'useems'rseems'[Cseems'useems'[Cseems' seems'[C[C[C[C s'[1Ps'[C 'o'k'
[save e886a19] cursus seems ok
 15 files changed, 588 insertions(+)
 rewrite cache:clear (100%)
 create mode 100644 src/Controller/University/SchoolActionsController.php
 create mode 100644 src/Controller/University/SchoolRenderController.php
 create mode 100644 src/Controller/University/StudiesController.php
 create mode 100644 src/Entity/Studies.php
 create mode 100644 src/Form/StudiesType.php
 create mode 100644 src/Migrations/Version20200215043732.php
 create mode 100644 src/Migrations/Version20200215043840.php
 create mode 100644 src/Repository/StudiesRepository.php
 create mode 100644 templates/studies/_delete_form.html.twig
 create mode 100644 templates/studies/_form.html.twig
 create mode 100644 templates/studies/edit.html.twig
 create mode 100644 templates/studies/index.html.twig
 create mode 100644 templates/studies/new.html.twig
 create mode 100644 templates/studies/show.html.twig
bash-3.2$ git push origin test
Everything up-to-date
bash-3.2$ git chech[K[K[K[K[Kbranch -d sqve [K[K[K[Kave 
error: Cannot delete branch 'save' checked out at '/Users/stephane/Desktop/Sweeetch '
bash-3.2$ git branch
[?1h=  master[m[m
* [32msave[m[m
  test[m[m
[K[?1l>bash-3.2$ git branch -D test
Deleted branch test (was b718d3f).
bash-3.2$ git branch test
bash-3.2$ git chechkout master [1P
error: Your local changes to the following files would be overwritten by checkout:
	cache:clear
Please commit your changes or stash them before you switch branches.
Aborting
bash-3.2$ git status 
On branch save
Changes not staged for commit:
  (use "git add <file>..." to update what will be committed)
  (use "git checkout -- <file>..." to discard changes in working directory)

	[31mmodified:   cache:clear[m

no changes added to commit (use "git add" and/or "git commit -a")
bash-3.2$ git a[Kcommit -am 'eee'
[save a4984de] eee
 1 file changed, 0 insertions(+), 0 deletions(-)
 rewrite cache:clear (86%)
bash-3.2$ gi [Kt push origin save 
Enumerating objects: 98, done.
Counting objects:   1% (1/98)   Counting objects:   2% (2/98)   Counting objects:   3% (3/98)   Counting objects:   4% (4/98)   Counting objects:   5% (5/98)   Counting objects:   6% (6/98)   Counting objects:   7% (7/98)   Counting objects:   8% (8/98)   Counting objects:   9% (9/98)   Counting objects:  10% (10/98)   Counting objects:  11% (11/98)   Counting objects:  12% (12/98)   Counting objects:  13% (13/98)   Counting objects:  14% (14/98)   Counting objects:  15% (15/98)   Counting objects:  16% (16/98)   Counting objects:  17% (17/98)   Counting objects:  18% (18/98)   Counting objects:  19% (19/98)   Counting objects:  20% (20/98)   Counting objects:  21% (21/98)   Counting objects:  22% (22/98)   Counting objects:  23% (23/98)   Counting objects:  24% (24/98)   Counting objects:  25% (25/98)   Counting objects:  26% (26/98)   Counting objects:  27% (27/98)   Counting objects:  28% (28/98)   Counting objects:  29% (29/98)   Counting objects:  30% (30/98)   Counting objects:  31% (31/98)   Counting objects:  32% (32/98)   Counting objects:  33% (33/98)   Counting objects:  34% (34/98)   Counting objects:  35% (35/98)   Counting objects:  36% (36/98)   Counting objects:  37% (37/98)   Counting objects:  38% (38/98)   Counting objects:  39% (39/98)   Counting objects:  40% (40/98)   Counting objects:  41% (41/98)   Counting objects:  42% (42/98)   Counting objects:  43% (43/98)   Counting objects:  44% (44/98)   Counting objects:  45% (45/98)   Counting objects:  46% (46/98)   Counting objects:  47% (47/98)   Counting objects:  48% (48/98)   Counting objects:  50% (49/98)   Counting objects:  51% (50/98)   Counting objects:  52% (51/98)   Counting objects:  53% (52/98)   Counting objects:  54% (53/98)   Counting objects:  55% (54/98)   Counting objects:  56% (55/98)   Counting objects:  57% (56/98)   Counting objects:  58% (57/98)   Counting objects:  59% (58/98)   Counting objects:  60% (59/98)   Counting objects:  61% (60/98)   Counting objects:  62% (61/98)   Counting objects:  63% (62/98)   Counting objects:  64% (63/98)   Counting objects:  65% (64/98)   Counting objects:  66% (65/98)   Counting objects:  67% (66/98)   Counting objects:  68% (67/98)   Counting objects:  69% (68/98)   Counting objects:  70% (69/98)   Counting objects:  71% (70/98)   Counting objects:  72% (71/98)   Counting objects:  73% (72/98)   Counting objects:  74% (73/98)   Counting objects:  75% (74/98)   Counting objects:  76% (75/98)   Counting objects:  77% (76/98)   Counting objects:  78% (77/98)   Counting objects:  79% (78/98)   Counting objects:  80% (79/98)   Counting objects:  81% (80/98)   Counting objects:  82% (81/98)   Counting objects:  83% (82/98)   Counting objects:  84% (83/98)   Counting objects:  85% (84/98)   Counting objects:  86% (85/98)   Counting objects:  87% (86/98)   Counting objects:  88% (87/98)   Counting objects:  89% (88/98)   Counting objects:  90% (89/98)   Counting objects:  91% (90/98)   Counting objects:  92% (91/98)   Counting objects:  93% (92/98)   Counting objects:  94% (93/98)   Counting objects:  95% (94/98)   Counting objects:  96% (95/98)   Counting objects:  97% (96/98)   Counting objects:  98% (97/98)   Counting objects: 100% (98/98)   Counting objects: 100% (98/98), done.
Delta compression using up to 8 threads
Compressing objects:   1% (1/68)   Compressing objects:   2% (2/68)   Compressing objects:   4% (3/68)   Compressing objects:   5% (4/68)   Compressing objects:   7% (5/68)   Compressing objects:   8% (6/68)   Compressing objects:  10% (7/68)   Compressing objects:  11% (8/68)   Compressing objects:  13% (9/68)   Compressing objects:  14% (10/68)   Compressing objects:  16% (11/68)   Compressing objects:  17% (12/68)   Compressing objects:  19% (13/68)   Compressing objects:  20% (14/68)   Compressing objects:  22% (15/68)   Compressing objects:  23% (16/68)   Compressing objects:  25% (17/68)   Compressing objects:  26% (18/68)   Compressing objects:  27% (19/68)   Compressing objects:  29% (20/68)   Compressing objects:  30% (21/68)   Compressing objects:  32% (22/68)   Compressing objects:  33% (23/68)   Compressing objects:  35% (24/68)   Compressing objects:  36% (25/68)   Compressing objects:  38% (26/68)   Compressing objects:  39% (27/68)   Compressing objects:  41% (28/68)   Compressing objects:  42% (29/68)   Compressing objects:  44% (30/68)   Compressing objects:  45% (31/68)   Compressing objects:  47% (32/68)   Compressing objects:  48% (33/68)   Compressing objects:  50% (34/68)   Compressing objects:  51% (35/68)   Compressing objects:  52% (36/68)   Compressing objects:  54% (37/68)   Compressing objects:  55% (38/68)   Compressing objects:  57% (39/68)   Compressing objects:  58% (40/68)   Compressing objects:  60% (41/68)   Compressing objects:  61% (42/68)   Compressing objects:  63% (43/68)   Compressing objects:  64% (44/68)   Compressing objects:  66% (45/68)   Compressing objects:  67% (46/68)   Compressing objects:  69% (47/68)   Compressing objects:  70% (48/68)   Compressing objects:  72% (49/68)   Compressing objects:  73% (50/68)   Compressing objects:  75% (51/68)   Compressing objects:  76% (52/68)   Compressing objects:  77% (53/68)   Compressing objects:  79% (54/68)   Compressing objects:  80% (55/68)   Compressing objects:  82% (56/68)   Compressing objects:  83% (57/68)   Compressing objects:  85% (58/68)   Compressing objects:  86% (59/68)   Compressing objects:  88% (60/68)   Compressing objects:  89% (61/68)   Compressing objects:  91% (62/68)   Compressing objects:  92% (63/68)   Compressing objects:  94% (64/68)   Compressing objects:  95% (65/68)   Compressing objects:  97% (66/68)   Compressing objects:  98% (67/68)   Compressing objects: 100% (68/68)   Compressing objects: 100% (68/68), done.
Writing objects:   1% (1/70)   Writing objects:   2% (2/70)   Writing objects:   4% (3/70)   Writing objects:   5% (4/70)   Writing objects:   7% (5/70)   Writing objects:   8% (6/70)   Writing objects:  10% (7/70)   Writing objects:  11% (8/70)   Writing objects:  12% (9/70)   Writing objects:  14% (10/70)   Writing objects:  15% (11/70)   Writing objects:  18% (13/70)   Writing objects:  20% (14/70)   Writing objects:  21% (15/70)   Writing objects:  22% (16/70)   Writing objects:  24% (17/70)   Writing objects:  25% (18/70)   Writing objects:  27% (19/70)   Writing objects:  28% (20/70)   Writing objects:  30% (21/70)   Writing objects:  31% (22/70)   Writing objects:  32% (23/70)   Writing objects:  34% (24/70)   Writing objects:  35% (25/70)   Writing objects:  37% (26/70)   Writing objects:  38% (27/70)   Writing objects:  40% (28/70)   Writing objects:  41% (29/70)   Writing objects:  42% (30/70)   Writing objects:  44% (31/70)   Writing objects:  45% (32/70)   Writing objects:  47% (33/70)   Writing objects:  48% (34/70)   Writing objects:  50% (35/70)   Writing objects:  51% (36/70)   Writing objects:  52% (37/70)   Writing objects:  54% (38/70)   Writing objects:  55% (39/70)   Writing objects:  57% (40/70)   Writing objects:  58% (41/70)   Writing objects:  60% (42/70)   Writing objects:  61% (43/70)   Writing objects:  62% (44/70)   Writing objects:  64% (45/70)   Writing objects:  67% (47/70)   Writing objects:  68% (48/70)   Writing objects:  70% (49/70)   Writing objects:  71% (50/70)   Writing objects:  72% (51/70)   Writing objects:  74% (52/70)   Writing objects:  75% (53/70)   Writing objects:  77% (54/70)   Writing objects:  78% (55/70)   Writing objects:  80% (56/70)   Writing objects:  81% (57/70)   Writing objects:  82% (58/70)   Writing objects:  84% (59/70)   Writing objects:  85% (60/70)   Writing objects:  87% (61/70)   Writing objects:  88% (62/70)   Writing objects:  90% (63/70)   Writing objects:  91% (64/70)   Writing objects:  92% (65/70)   Writing objects:  94% (66/70)   Writing objects:  95% (67/70)   Writing objects:  97% (68/70)   Writing objects:  98% (69/70)   Writing objects: 100% (70/70)   Writing objects: 100% (70/70), 12.76 KiB | 2.55 MiB/s, done.
Total 70 (delta 47), reused 0 (delta 0)
remote: Resolving deltas:   0% (0/47)[Kremote: Resolving deltas:   6% (3/47)[Kremote: Resolving deltas:   8% (4/47)[Kremote: Resolving deltas:  10% (5/47)[Kremote: Resolving deltas:  12% (6/47)[Kremote: Resolving deltas:  21% (10/47)[Kremote: Resolving deltas:  27% (13/47)[Kremote: Resolving deltas:  34% (16/47)[Kremote: Resolving deltas:  36% (17/47)[Kremote: Resolving deltas:  42% (20/47)[Kremote: Resolving deltas:  46% (22/47)[Kremote: Resolving deltas:  48% (23/47)[Kremote: Resolving deltas:  51% (24/47)[Kremote: Resolving deltas:  57% (27/47)[Kremote: Resolving deltas:  61% (29/47)[Kremote: Resolving deltas:  63% (30/47)[Kremote: Resolving deltas:  70% (33/47)[Kremote: Resolving deltas:  74% (35/47)[Kremote: Resolving deltas:  78% (37/47)[Kremote: Resolving deltas:  80% (38/47)[Kremote: Resolving deltas:  85% (40/47)[Kremote: Resolving deltas:  87% (41/47)[Kremote: Resolving deltas:  89% (42/47)[Kremote: Resolving deltas:  91% (43/47)[Kremote: Resolving deltas:  93% (44/47)[Kremote: Resolving deltas:  95% (45/47)[Kremote: Resolving deltas:  97% (46/47)[Kremote: Resolving deltas: 100% (47/47)[Kremote: Resolving deltas: 100% (47/47), completed with 23 local objects.[K
To https://github.com/skergoat/Sweeetch.git
   fbc610a..a4984de  save -> save
bash-3.2$ git push origin test
Total 0 (delta 0), reused 0 (delta 0)
To https://github.com/skergoat/Sweeetch.git
   b718d3f..e886a19  test -> test
bash-3.2$ git branch 
[?1h=  master[m[m
* [32msave[m[m
  test[m[m
[K[?1l>bash-3.2$ git checkout master
error: Your local changes to the following files would be overwritten by checkout:
	cache:clear
Please commit your changes or stash them before you switch branches.
Aborting
bash-3.2$ git merge save 
Already up to date.
bash-3.2$ git branch 
[?1h=  master[m[m
* [32msave[m[m
  test[m[m
[K[?1l>bash-3.2$ git checkout master 
error: Your local changes to the following files would be overwritten by checkout:
	cache:clear
Please commit your changes or stash them before you switch branches.
Aborting
bash-3.2$ git commit -am 
error: switch `m' requires a value
bash-3.2$ git commit -am 'sdsd'
[save 79e009d] sdsd
 1 file changed, 77 insertions(+), 27 deletions(-)
bash-3.2$ git cehckout master 
git: 'cehckout' is not a git command. See 'git --help'.

The most similar command is
	checkout
bash-3.2$ git merge save 
Already up to date.
bash-3.2$ git brnch 
git: 'brnch' is not a git command. See 'git --help'.

The most similar command is
	branch
bash-3.2$ git brnch [K[K[K[Kanch
[?1h=  master[m[m
* [32msave[m[m
  test[m[m
[K[?1l>bash-3.2$ git status 
On branch save
nothing to commit, working tree clean
bash-3.2$ git chechkout [K[K[K[K[K[K[Kckout master
error: Your local changes to the following files would be overwritten by checkout:
	cache:clear
Please commit your changes or stash them before you switch branches.
Aborting
bash-3.2$ git merge save
Already up to date.
bash-3.2$ git brn[Kanch
[?1h=  master[m[m
* [32msave[m[m
  test[m[m
[K[?1l>bash-3.2$ git checkout master 
error: Your local changes to the following files would be overwritten by checkout:
	cache:clear
Please commit your changes or stash them before you switch branches.
Aborting
bash-3.2$ git commit -am 'sdds'
[save ddb0299] sdds
 1 file changed, 55 insertions(+), 8 deletions(-)
bash-3.2$ git c[Kchecklout [K[K[K[K[Kout master
error: Your local changes to the following files would be overwritten by checkout:
	cache:clear
Please commit your changes or stash them before you switch branches.
Aborting
bash-3.2$ git commit =am [Kh-3.2$ git commit -am 
error: switch `m' requires a value
bash-3.2$ git commit -am 'sdsd'
[save 79e009d] sdsd
 1 file changed, 77 insertions(+), 27 deletions(-)
bash-3.2$ git cehckout master 
git: 'cehckout' is not a git command. See 'git --help'.

The most similar command is
	checkout
bash-3.2$ git merge save 
Already up to date.
bash-3.2$ git brnch 
git: 'brnch' is not a git command. See 'git --help'.

The most similar command is
	branch
bash-3.2$ git brnch [K[K[K[Kanch
[?1h=  master[m[m
* [32msave[m[m
  test[m[m
[K[?1l>bash-3.2$ git status 
On branch save
nothing to commit, working tree clean
bash-3.2$ git chechkout [K[K[K[K[K[K[Kckout master
error: Your local changes to the following files would be overwritten by checkout:
	cache:clear
Please commit your changes or stash them before you switch branches.
Aborting
bash-3.2$ git merge save
Already up to date.
bash-3.2$ git brn[Kanch
[?1h=  master[m[m
* [32msave[m[m
  test[m[m
[K[?1l>bash-3.2$ git checkout master 
error: Your local changes to the following files would be overwritten by checkout:
	cache:clear
Please commit your changes or stash them before you switch branches.
Aborting
bash-3.2$ git commit -am 'sdds'
[save ddb0299] sdds
 1 file changed, 55 insertions(+), 8 deletions(-)
bash-3.2$ git c[Kchecklout [K[K[K[K[Ko